// Jest Snapshot v1, https://goo.gl/fbAQLP

exports[`Expense List  component renders UI expected 1`] = `
<div
  className="IncomeList"
>
  <section
    className="ExpenseList"
  >
    <span
      className="expName"
    >
      Expenses
    </span>
    <ul
      aria-live="polite"
      className="ExpenseList__list"
    >
      <li
        className="ExpenseItem"
      >
        <div
          className="ExpenseItem__row"
        >
          <span>
            <span
              className="items"
            >
              Nov 12, 2019
               
            </span>
            <span
              className="items"
            >
              Salary
               
            </span>
            <span
              className="items"
            >
              3500.00
              <span
                className="items"
              >
                17.00
                 
              </span>
            </span>
            <button
              className="ExpenseItem__btn"
              onClick={[Function]}
            >
              <svg
                className="timesIcon"
                dangerouslySetInnerHTML={
                  Object {
                    "__html": "<path d=\\"M256 8C119 8 8 119 8 256s111 248 248 248s248-111 248-248S393 8 256 8zm0 448c-110.5 0-200-89.5-200-200S145.5 56 256 56s200 89.5 200 200s-89.5 200-200 200zm101.8-262.2L295.6 256l62.2 62.2c4.7 4.7 4.7 12.3 0 17l-22.6 22.6c-4.7 4.7-12.3 4.7-17 0L256 295.6l-62.2 62.2c-4.7 4.7-12.3 4.7-17 0l-22.6-22.6c-4.7-4.7-4.7-12.3 0-17l62.2-62.2l-62.2-62.2c-4.7-4.7-4.7-12.3 0-17l22.6-22.6c4.7-4.7 12.3-4.7 17 0l62.2 62.2l62.2-62.2c4.7-4.7 12.3-4.7 17 0l22.6 22.6c4.7 4.7 4.7 12.3 0 17z\\" fill=\\"currentColor\\"/>",
                  }
                }
                focusable={false}
                height="1em"
                preserveAspectRatio="xMidYMid meet"
                style={
                  Object {
                    "transform": "rotate(360deg)",
                  }
                }
                viewBox="0 0 512 512"
                width="1em"
                xmlns="http://www.w3.org/2000/svg"
              />
            </button>
          </span>
        </div>
      </li>
      <li
        className="ExpenseItem"
      >
        <div
          className="ExpenseItem__row"
        >
          <span>
            <span
              className="items"
            >
              Nov 12, 2019
               
            </span>
            <span
              className="items"
            >
              Other Expenses
               
            </span>
            <span
              className="items"
            >
              1500.00
              <span
                className="items"
              >
                15.00
                 
              </span>
            </span>
            <button
              className="ExpenseItem__btn"
              onClick={[Function]}
            >
              <svg
                className="timesIcon"
                dangerouslySetInnerHTML={
                  Object {
                    "__html": "<path d=\\"M256 8C119 8 8 119 8 256s111 248 248 248s248-111 248-248S393 8 256 8zm0 448c-110.5 0-200-89.5-200-200S145.5 56 256 56s200 89.5 200 200s-89.5 200-200 200zm101.8-262.2L295.6 256l62.2 62.2c4.7 4.7 4.7 12.3 0 17l-22.6 22.6c-4.7 4.7-12.3 4.7-17 0L256 295.6l-62.2 62.2c-4.7 4.7-12.3 4.7-17 0l-22.6-22.6c-4.7-4.7-4.7-12.3 0-17l62.2-62.2l-62.2-62.2c-4.7-4.7-4.7-12.3 0-17l22.6-22.6c4.7-4.7 12.3-4.7 17 0l62.2 62.2l62.2-62.2c4.7-4.7 12.3-4.7 17 0l22.6 22.6c4.7 4.7 4.7 12.3 0 17z\\" fill=\\"currentColor\\"/>",
                  }
                }
                focusable={false}
                height="1em"
                preserveAspectRatio="xMidYMid meet"
                style={
                  Object {
                    "transform": "rotate(360deg)",
                  }
                }
                viewBox="0 0 512 512"
                width="1em"
                xmlns="http://www.w3.org/2000/svg"
              />
            </button>
          </span>
        </div>
      </li>
    </ul>
  </section>
</div>
`;
